manifest should match snapshot:
{}
  1: |
    apiVersion: v1
    data:
      VAR_A: VALUE_A
      VAR_B: VALUE_B
    kind: ConfigMap
    metadata:
      labels:
        app.kubernetes.io/instance: RELEASE-NAME
        app.kubernetes.io/managed-by: Helm
        app.kubernetes.io/name: release-name-library
        helm.sh/chart: library-0.1.0
      name: release-name-library