manifest should match snapshot:
  1: |
    apiVersion: autoscaling/v2
    kind: HorizontalPodAutoscaler
    metadata:
      annotations: null
      labels:
        app.kubernetes.io/instance: RELEASE-NAME
        app.kubernetes.io/managed-by: Helm
        app.kubernetes.io/name: release-name-library
        helm.sh/chart: library-0.1.0
      name: release-name-library
    spec:
      maxReplicas: 5
      metrics:
        - resource:
            name: cpu
            target:
              averageUtilization: 80
              type: Utilization
          type: Resource
        - resource:
            name: memory
            target:
              averageUtilization: 80
              type: Utilization
          type: Resource
      minReplicas: 2
      scaleTargetRef:
        apiVersion: apps/v1
        kind: Deployment
        name: release-name-library
